c1080000 T _start
c1080020 t _undefined_instruction
c1080024 t _software_interrupt
c1080028 t _prefetch_abort
c108002c t _data_abort
c1080030 t _not_used
c1080034 t _irq
c1080038 t _fiq
c1080040 t _TEXT_BASE
c1080044 t _STACK_BASE
c1080048 T _armboot_start
c108004c T _bss_start
c1080050 T _bss_end
c1080054 t reset
c1080064 t stack_setup
c1080078 t clear_bss
c1080084 t clbss_l
c10800a0 t _start_armboot
c10800c0 t undefined_instruction
c1080120 t software_interrupt
c1080180 t prefetch_abort
c10801e0 t data_abort
c1080240 t not_used
c10802a0 t irq
c1080300 t fiq
c1080360 T __coloured_LED_init
c1080360 W coloured_LED_init
c1080364 T __red_LED_on
c1080364 W red_LED_on
c1080368 T __red_LED_off
c1080368 W red_LED_off
c108036c T __green_LED_on
c108036c W green_LED_on
c1080370 T __green_LED_off
c1080370 W green_LED_off
c1080374 T __yellow_LED_on
c1080374 W yellow_LED_on
c1080378 T __yellow_LED_off
c1080378 W yellow_LED_off
c108037c T __blue_LED_on
c108037c W blue_LED_on
c1080380 T __blue_LED_off
c1080380 W blue_LED_off
c1080384 T hang
c1080394 t display_dram_config
c10803c4 t init_func_i2c
c10803f8 t display_banner
c1080418 t init_baudrate
c1080478 T start_armboot
c1080598 T enable_interrupts
c108059c T disable_interrupts
c10805a4 T show_regs
c10806e4 T bad_mode
c1080700 T do_irq
c1080724 T do_fiq
c1080748 T do_not_used
c108076c T do_data_abort
c1080790 T do_prefetch_abort
c10807b4 T do_software_interrupt
c10807d8 T do_undefined_instruction
c10807fc t __fswab16
c1080810 t __fswab32
c1080830 T string_to_VLAN
c108087c T getenv_VLAN
c108088c T string_to_ip
c10808f4 T getenv_IPaddr
c1080904 T VLAN_to_string
c108095c T ip_to_string
c108099c T random_port
c10809b8 t wait_for_bus
c1080a20 t poll_i2c_irq
c1080a6c T flush_rx
c1080a9c T i2c_write
c1080c44 T i2c_read
c1080e20 T i2c_probe
c1080ef0 T i2c_init
c1080f94 t __fswab32
c1080fb4 t INIT_LIST_HEAD
c1080fc0 T mmc_send_cmd
c1080fd0 T mmc_set_blocklen
c1081008 T mmc_send_ext_csd
c1081058 T mmc_switch
c108109c T mmc_change_freq
c1081174 T sd_switch
c10811e0 T mmc_set_ios
c10811f0 T mmc_set_clock
c1081210 T mmc_set_bus_width
c1081218 T mmc_send_if_cond
c1081298 T mmc_register
c1081318 W cpu_mmc_init
c1081318 t __def_mmc_init
c1081320 T print_mmc_devices
c1081388 T mmc_initialize
c10813d4 T find_mmc_device
c1081420 T mmc_get_dev
c1081434 t mmc_bwrite
c1081564 t mmc_bread
c1081694 T sd_change_freq
c1081858 T mmc_startup
c1081d60 T sd_send_op_cond
c1081e58 T mmc_go_idle
c1081eac T mmc_send_op_cond
c1081f54 T mmc_init
c1081fdc t calc_divisor
c1082000 T _serial_setbrg
c108202c T serial_setbrg
c1082034 T _serial_tstc
c1082048 T serial_tstc
c1082050 T _serial_getc
c108206c T serial_getc
c1082074 T _serial_putc_raw
c1082090 T serial_putc_raw
c1082098 T _serial_putc
c10820dc T serial_putc
c10820e4 T _serial_puts
c1082114 T serial_puts
c108211c T serial_init
c1082144 T NS16550_init
c1082194 T NS16550_reinit
c10821e8 T NS16550_putc
c10821fc T NS16550_getc
c1082210 T NS16550_tstc
c108221c t print_num
c1082230 T do_bdinfo
c10822b0 W do_go_exec
c10822c8 T do_go
c1082340 t __fswab32
c1082360 t image_get_data
c1082368 T __board_lmb_reserve
c1082368 W board_lmb_reserve
c108236c T __arch_lmb_reserve
c108236c W arch_lmb_reserve
c1082370 T __arch_preboot_os
c1082370 W arch_preboot_os
c1082374 t image_check_magic
c1082398 t image_info
c1082460 T do_iminfo
c10824c0 t image_get_size
c10824c8 t image_get_data_size
c10824cc T do_bootd
c10824f0 t do_bootm_rtems
c108252c t do_bootm_netbsd
c1082658 t bootm_start
c10829f0 t bootm_load_os
c1082b5c T do_bootm_subcommand
c1082d28 T do_bootm
c1082fc0 T do_coninfo
c10830b0 T do_echo
c1083130 T do_exit
c1083160 T do_ext2load
c108348c T do_ext2ls
c10835c4 T do_fat_fsinfo
c108369c T do_fat_ls
c10837a4 T do_fat_fsload
c1083928 T do_help
c1083974 t evalstr
c1083990 t evalexp
c10839dc T binary_test
c1083bbc T do_itest
c1083c58 T ktrans
c1083c78 T chk1
c1083ca8 t bin_data_init
c1083cc4 t bin_data_char
c1083ce4 T k_data_init
c1083d04 T k_data_save
c1083d24 T k_data_restore
c1083d48 T k_data_char
c1083d98 T send_pad
c1083dc8 T s1_sendpacket
c1083df4 T handle_send_packet
c1083fb8 T send_nack
c1084018 T send_ack
c1084078 t load_serial_ymodem
c1084180 t getcxmodem
c10841a0 T do_load_serial_bin
c1084604 t write_record
c1084638 T do_save_serial
c10847dc t load_serial
c10849ec T do_load_serial
c1084acc T do_mem_crc
c1084c04 T do_mem_base
c1084c48 T do_mem_mtest
c1084dec T do_mem_loop
c1084ee4 T do_mem_cp
c1084fb8 T do_mem_cmp
c1085150 T do_mem_mw
c1085218 T do_mem_mwc
c1085298 t mod_mem
c10853e8 T do_mem_nm
c1085408 T do_mem_mm
c1085428 T do_mem_md
c1085500 T do_mem_mdc
c1085580 T do_sleep
c1085604 T do_mmcinfo
c1085740 T do_mmcops
c10859c8 T get_env_id
c10859d8 T envmatch
c1085a38 T getenv_r
c1085adc T do_saveenv
c1085b08 T getenv
c1085b70 T _do_setenv
c1085fc8 T do_askenv
c1086150 T do_setenv
c108617c T setenv
c10861c8 T do_editenv
c1086240 t printenv
c1086328 T do_printenv
c10863bc t do_spi_flash
c10867e4 t __fswab32
c1086804 T source
c1086934 T do_source
c108697c T do_spi
c1086b3c T do_false
c1086b44 T do_true
c1086b4c T do_test
c1086fc8 T usb_get_class_desc
c1087070 T usb_display_ep_desc
c108713c T usb_display_class_sub
c10872b0 T do_usbboot
c108765c T usb_show_tree_graph
c1087884 T usb_show_tree
c10878b8 T usb_display_desc
c10879e8 T usb_display_string
c1087a28 T usb_display_if_desc
c1087ab0 T usb_display_conf_desc
c1087b5c T usb_display_config
c1087bec T do_usb
c1088094 T do_version
c10880b4 T do_imgextract
c10882f0 T cmd_get_data_size
c1088368 T cmd_usage
c10883c8 T var_complete
c1088450 T find_cmd_tbl
c10884e8 T find_cmd
c1088510 T cmd_auto_complete
c10889a0 t install_auto_complete_handler
c10889b8 T install_auto_complete
c10889f8 T _do_help
c1088b78 t console_setfile
c1088c20 T fgetc
c1088c48 T ftstc
c1088c70 T fputc
c1088c9c T fputs
c1088cc8 T disable_ctrlc
c1088ce0 T had_ctrlc
c1088cf0 T clear_ctrlc
c1088d04 T dbg
c1088d10 T console_init_f
c1088d20 T search_device
c1088d48 T console_assign
c1088d88 T fprintf
c1088dd4 T puts
c1088df0 T vprintf
c1088e20 T printf
c1088e68 T stdio_print_current_devices
c1088f20 T console_init_r
c1089008 T serial_printf
c1089050 T putc
c108906c T tstc
c1089084 T getc
c108909c T ctrlc
c10890ec T sbrk
c1089120 T malloc_trim
c10891ec T free
c1089420 T cfree
c1089424 T malloc
c1089a24 T memalign
c1089b34 T pvalloc
c1089b4c T valloc
c1089b58 T malloc_usable_size
c1089b9c T mallopt
c1089c14 T calloc
c1089cf4 T mem_malloc_init
c1089d20 T realloc
c108a19c T env_get_char_memory
c108a1bc T env_get_addr
c108a1dc T env_get_char
c108a20c T env_complete
c108a340 T env_crc_update
c108a36c T set_default_env
c108a3b4 T env_relocate
c108a40c T env_get_char_spec
c108a418 T env_init
c108a434 T saveenv
c108a4d0 T env_relocate_spec
c108a574 t dummy
c108a578 T get_version
c108a580 T jumptable_init
c108a778 t b_reset
c108a794 T simple_itoa
c108a7ec t static_get
c108a808 t static_peek
c108a814 t file_peek
c108a820 t setup_string_in_str
c108a84c t indenter
c108a85c t is_assignment
c108a8b8 T mapset
c108a8e4 t syntax_err
c108a8f0 T do_showvar
c108a9dc T u_boot_hush_start
c108aa2c t xmalloc
c108aa4c T new_pipe
c108aa74 t file_get
c108ac44 t free_pipe_list
c108ad28 t b_free
c108ad4c T unset_local_var
c108ade8 t xrealloc
c108ae08 t done_command
c108ae90 t initialize_context
c108aec8 t done_pipe
c108af10 T reserved_word
c108b048 t b_addchr
c108b0c4 t done_word
c108b244 t b_addqchr
c108b290 t insert_var_value
c108b444 T set_local_var
c108b5f8 T update_ifs_map
c108b668 t parse_stream_outer
c108bc44 T parse_file_outer
c108bc88 T parse_string_outer
c108bd50 t run_list_real
c108c520 t __fswab32
c108c540 t image_get_data
c108c548 t image_check_type
c108c55c T image_multi_count
c108c584 T get_table_entry_name
c108c5ac T genimg_get_os_name
c108c5c4 T genimg_get_arch_name
c108c5dc T genimg_get_type_name
c108c5f4 T genimg_get_comp_name
c108c60c T genimg_get_image
c108c610 T genimg_has_config
c108c618 T get_table_entry_id
c108c664 T genimg_get_comp_id
c108c67c T genimg_get_type_id
c108c694 T genimg_get_arch_id
c108c6ac T genimg_get_os_id
c108c6c4 t image_check_magic
c108c6e8 T genimg_get_format
c108c6fc t image_get_data_size
c108c704 t image_get_load
c108c70c T image_multi_getimg
c108c790 T genimg_print_size
c108c7bc T image_print_contents
c108c950 T memmove_wd
c108c954 T getenv_bootm_low
c108c988 T getenv_yesno
c108c9ac T getenv_bootm_size
c108c9e0 T image_check_dcrc
c108ca28 T image_check_hcrc
c108ca7c T boot_get_ramdisk
c108cccc T __show_boot_progress
c108cccc W show_boot_progress
c108ccd0 T parse_line
c108cd5c T do_run
c108cdcc T run_command
c108d200 t delete_char
c108d2dc t cread_add_char
c108d3cc t cread_add_str
c108d41c T readline_into_buffer
c108dd58 T readline
c108dd74 T main_loop
c108decc t hex1_bin
c108df04 t hex2_bin
c108df38 T srec_decode
c108e1a4 T stdio_get_list
c108e1b0 T stdio_clone
c108e1f8 T stdio_register
c108e238 T stdio_init
c108e2d4 T stdio_get_by_name
c108e328 T usb_disable_asynch
c108e340 T usb_maxpacket
c108e364 t usb_set_maxpacket_ep
c108e3b4 T usb_set_maxpacket
c108e418 T usb_get_dev_index
c108e448 T usb_hub_reset
c108e45c T usb_hub_allocate
c108e4a0 T usb_alloc_new_device
c108e544 T usb_parse_config
c108e698 T usb_submit_int_msg
c108e69c T usb_stop
c108e6d8 T wait_ms
c108e6fc T usb_bulk_msg
c108e760 T usb_control_msg
c108e830 T usb_get_port_status
c108e890 T usb_get_hub_status
c108e8e4 T usb_set_port_feature
c108e944 T usb_clear_port_feature
c108e9a4 T usb_clear_hub_feature
c108e9f8 T usb_get_hub_descriptor
c108ea54 T usb_get_string
c108eae0 t usb_string_sub
c108ebe4 T usb_string
c108ece4 T usb_get_class_descriptor
c108ed54 T usb_get_report
c108edc4 T usb_set_idle
c108ee28 T usb_set_protocol
c108ee88 T usb_set_configuration
c108eefc T usb_set_interface
c108efc8 T usb_set_address
c108f00c T usb_get_descriptor
c108f078 T usb_get_configuration_no
c108f110 T usb_clear_halt
c108f1c4 t usb_hub_power_on
c108f208 t hub_port_reset
c108f2a8 T usb_hub_port_connect_change
c108f398 T usb_hub_configure
c108f5ac T usb_hub_probe
c108f60c T usb_new_device
c108f8b8 T usb_scan_devices
c108f934 T usb_init
c108f9b0 t __fswab32
c108f9d0 T usb_stor_get_dev
c108f9f0 t usb_stor_irq
c108fa0c T usb_show_progress
c108fa18 t usb_request_sense
c108fa74 t usb_test_unit_ready
c108faf0 T usb_stor_get_info
c108fd58 T usb_storage_probe
c108ff88 T usb_stor_BBB_clear_endpt_stall
c108ffd4 t usb_stor_BBB_reset
c10900b4 t usb_stor_CB_reset
c10901a0 T usb_stor_read
c10903b4 T usb_stor_scan
c1090504 T usb_stor_CB_comdat
c1090730 T usb_stor_BBB_comdat
c109081c T usb_stor_BBB_transport
c10909e8 T usb_stor_CBI_get_status
c1090ab8 T usb_stor_CB_transport
c1090ca4 T usb_stor_info
c1090d14 T parse_num
c1090e3c T xyzModem_error
c1090ed8 T xyzModem_stream_close
c1090f24 T CYGACC_COMM_IF_PUTC
c1090f2c T CYGACC_COMM_IF_GETC_TIMEOUT
c1090f88 t xyzModem_flush
c1090fb0 T xyzModem_stream_terminate
c1091084 t xyzModem_get_hdr
c1091308 T xyzModem_stream_read
c1091594 T xyzModem_stream_open
c10916f8 T dsp_lpsc_on
c1091768 T board_mmc_init
c1091794 T misc_init_r
c1091954 T board_init
c1091aa4 T cyg_crc16
c1091aec T crc32_no_comp
c1091be4 T crc32
c1091bf8 T crc32_wd
c1091bfc T print_size
c1091cc8 T display_options
c1091ce8 T print_buffer
c1091e48 T __div64_32
c1091f3c T zunzip
c1092030 T gunzip
c10920f8 T zfree
c1092100 T zalloc
c1092110 T lmb_dump_all
c1092114 t lmb_addrs_adjacent
c1092138 t lmb_remove_region
c1092174 T lmb_init
c109219c t lmb_add_region
c1092368 T lmb_add
c109236c T lmb_free
c109246c T lmb_reserve
c1092474 T lmb_overlaps_region
c10924d0 t lmb_align_down
c10924dc T __lmb_alloc_base
c10925ec T lmb_is_reserved
c109264c T lmb_alloc_base
c1092680 T lmb_alloc
c1092688 T strcpy
c10926a4 T strncpy
c10926cc T strcat
c1092700 T strncat
c1092764 T strcmp
c109279c T strncmp
c10927ec T strchr
c1092818 T strlen
c1092838 T strrchr
c1092870 T strnlen
c1092898 T strspn
c10928dc T strpbrk
c109291c T strtok
c109299c T strsep
c10929d0 T strswab
c1092a1c T memset
c1092a98 T bcopy
c1092ac4 T memcpy
c1092b40 T memmove
c1092b9c T memcmp
c1092bdc T memscan
c1092c0c T strstr
c1092c70 T memchr
c1092ca0 T strdup
c1092cd4 T udelay
c1092d00 t __toupper
c1092d1c T simple_strtoul
c1092dd4 T simple_strtol
c1092dfc T ustrtoul
c1092e70 T simple_strtoull
c1092f4c t skip_atoi
c1092f84 T panic
c1092fd4 t string
c1093084 t put_dec
c109327c t number
c10934e0 T vsprintf
c1093988 T sprintf
c10939b0 T inflate_fast
c1093f0c T inflate_table
c10944a4 T inflateReset
c1094540 T inflateInit2_
c1094648 T inflateInit_
c1094658 T inflateEnd
c10946e0 T adler32
c1094a1c T zcfree
c1094a24 T zcalloc
c1094a2c T inflate
c1096178 T dram_init
c1096198 T davinci_configure_pin_mux
c1096230 T davinci_configure_pin_mux_items
c1096280 T clk_get
c1096348 T cpu_eth_init
c1096350 T reset_timer
c1096380 T set_timer
c1096390 T get_tbclk
c1096398 t get_timer_raw
c1096408 T __udelay
c1096454 T get_timer
c109648c T get_ticks
c10964a0 T timer_init
c1096500 T lpsc_on
c10965d0 T reset_cpu
c1096654 t reset_cpu_loop
c1096658 t WDT_TGCR
c109665c t WDT_TIM12
c1096660 t WDT_TIM34
c1096664 t WDT_PRD12
c1096668 t WDT_PRD34
c109666c t WDT_TCR
c1096670 t WDT_WDTCR
c1096674 t WDTCR_VAL1
c1096678 t WDTCR_VAL2
c109667c T do_bootm_linux
c10967f8 T flush_cache
c10967fc t get_cr
c1096804 t set_cr
c109680c t cp_delay
c109683c t cache_enable
c109685c t cache_disable
c109687c T icache_enable
c1096884 T icache_disable
c109688c T icache_status
c10968a0 T dcache_enable
c10968a8 T dcache_disable
c10968b0 T dcache_status
c10968c4 T do_reset
c10968f4 t downcase
c1096920 T disk_read
c1096970 t dirdelim
c10969a4 t get_fatent
c1096b04 t slot2str
c1096bd4 t mkcksum
c1096c04 t get_cluster
c1096cac t get_vfatname
c1096e44 t get_name
c1096f00 t read_bootsectandvi
c1096ff8 T file_fat_detectfs
c1097158 T do_fat_read
c1097aa8 T file_fat_read
c1097ae0 T file_fat_ls
c1097af0 T fat_register_device
c1097bdc t ext2fs_read_inode
c1097cd4 T ext2fs_mount
c1097d9c T ext2fs_free_node
c1097dbc T ext2fs_close
c1097e70 T ext2fs_read_file
c1098360 T ext2fs_read
c109839c t ext2fs_iterate_dir
c1098610 T ext2fs_find_file1
c10988a4 T ext2fs_find_file
c1098920 T ext2fs_open
c10989b4 T ext2fs_ls
c1098a28 T ext2fs_devread
c1098bf8 T ext2fs_set_blk_dev
c1098c44 T print_part
c1098d20 T dev_print
c1098f24 T get_partition_info
c1098f48 T init_part
c1098f64 T get_dev
c1098fbc t le32_to_int
c1098fe4 t is_extended
c1099004 T test_part_dos
c1099058 t get_partition_info_extended
c1099294 T get_partition_info_dos
c10992b4 t print_partition_extended
c109946c T print_part_dos
c1099498 t dmmc_set_ios
c1099534 T davinci_mmc_init
c10995cc t dmmc_init
c1099654 t dmmc_wait_fifo_status
c10996b4 t dmmc_busy_wait
c10996f8 t dmmc_check_status
c1099790 t dmmc_send_cmd
c1099b18 T spi_flash_free
c1099b34 T spi_flash_cmd_write
c1099ba4 T spi_flash_cmd_read
c1099c14 T spi_flash_read_common
c1099c60 T spi_flash_cmd
c1099cd0 T spi_flash_probe
c1099d80 T spi_flash_probe_spansion
c1099e44 t spansion_read_fast
c1099ebc t spansion_wait_ready
c1099f20 t spansion_write
c109a024 T spansion_erase
c109a13c T spi_flash_probe_stmicro
c109a1e0 t stmicro_read_fast
c109a258 t stmicro_wait_ready
c109a2bc t stmicro_write
c109a3c0 T stmicro_erase
c109a4fc T spi_init
c109a500 T spi_release_bus
c109a510 T spi_xfer
c109a6bc T spi_cs_is_valid
c109a6cc T spi_cs_activate
c109a6d0 T spi_cs_deactivate
c109a6d4 T spi_claim_bus
c109a778 T spi_free_slave
c109a77c T spi_setup_slave
c109a7c8 t write_toggle
c109a844 t check_stall
c109a8e4 t get_dev_speed
c109a904 t config_hub_port
c109a9b0 t wait_until_rxep_ready
c109aa44 T submit_int_msg
c109ac6c t wait_until_ep0_ready
c109ad7c t ctrlreq_in_status_phase
c109adb8 T usb_lowlevel_stop
c109addc T usb_lowlevel_init
c109aeac T submit_bulk_msg
c109b220 T submit_control_msg
c109b518 T musb_start
c109b560 T musb_configure_ep
c109b680 T write_fifo
c109b6cc T read_fifo
c109b710 T musb_platform_deinit
c109b744 T musb_platform_init
c109b800 T cleanup_before_linux
c109b820 T raise
c109b83c T __aeabi_uidiv
c109b83c T __udivsi3
c109b83c t .udivsi3_nodiv0
c109ba28 T __aeabi_uidivmod
c109ba48 T __aeabi_idiv
c109ba48 T __divsi3
c109ba50 t .divsi3_nodiv0
c109bc68 T __aeabi_idivmod
c109bc88 T __aeabi_llsr
c109bc88 T __lshrdi3
c109bca4 T __aeabi_llsl
c109bca4 T __ashldi3
c109bcc0 W __aeabi_idiv0
c109bcc0 W __aeabi_ldiv0
c109bcd0 r C.30.2745
c109bd50 r serial_ports
c109bd60 r boot_os
c109bdac r baudrate_table
c109bdc0 R spi0_pins
c109bde0 R spi1_pins
c109be00 R mmc0_pins
c109be30 R uart_pins
c109be50 R i2c_pins
c109be60 R power_pins
c109bea0 r crc_table
c109c2a0 r lbase.3331
c109c2de r lext.3332
c109c31c r dbase.3333
c109c35c r dext.3334
c109c39c r lenfix
c109cb9c r distfix
c109cc1c r order.3558
c109cc44 R z_errmsg
c109cc6c r block_drvr
c109cc84 r spansion_spi_flash_table
c109cce4 r stmicro_spi_flash_table
c109cd38 r crc16_tab
c109cf38 R version_string
c109cf61 r __FUNCTION__.2906
c109cf6b r __FUNCTION__.2860
c109cf74 r digits.2993
c109cf84 R hex_asc
c10a1df8 D init_sequence
c10a1e24 d cur_dev_num
c10a1e28 D multipliers
c10a1e68 D fbase
c10a1e78 D load_addr
c10a1e7c D cmd_bootm_sub
c10a1f24 D op_table
c10a1f8c d do_echo
c10a1f90 D dp_last_length
c10a1f94 d env_id
c10a1f98 d usb_stor_curr_dev
c10a1f9c d av_
c10a23a4 d sbrk_base
c10a23a8 d trim_threshold
c10a23ac d mmap_threshold
c10a23b0 D default_environment
c10a276c D env_name_spec
c10a2770 d blanks.3241
c10a2798 d reserved_list
c10a281c d uimage_os
c10a2864 d uimage_arch
c10a2954 d uimage_type
c10a29d8 d uimage_comp
c10a2a20 d erase_seq
c10a2a24 d tab_seq
c10a2a30 d hist_cur
c10a2a34 D stdio_names
c10a2a40 D us_direction
c10a2a60 d mmc_sd0
c10a2a74 D _ctype
c10a2b74 D sysdiv
c10a2b98 d cur_part
c10a2b9c D indir1_blkno
c10a2ba0 D indir2_blkno
c10a2ba4 d epinfo
c10a2bb0 D musb_cfg
c10a2bbc A __u_boot_cmd_start
c10a2bbc D __u_boot_cmd_bdinfo
c10a2bd8 D __u_boot_cmd_go
c10a2bf4 D __u_boot_cmd_reset
c10a2c10 D __u_boot_cmd_bootm
c10a2c2c D __u_boot_cmd_boot
c10a2c48 D __u_boot_cmd_bootd
c10a2c64 D __u_boot_cmd_iminfo
c10a2c80 D __u_boot_cmd_coninfo
c10a2c9c D __u_boot_cmd_echo
c10a2cb8 D __u_boot_cmd_exit
c10a2cd4 D __u_boot_cmd_ext2ls
c10a2cf0 D __u_boot_cmd_ext2load
c10a2d0c D __u_boot_cmd_fatload
c10a2d28 D __u_boot_cmd_fatls
c10a2d44 D __u_boot_cmd_fatinfo
c10a2d60 D __u_boot_cmd_help
c10a2d7c D __u_boot_cmd_question_mark
c10a2d98 D __u_boot_cmd_itest
c10a2db4 D __u_boot_cmd_loads
c10a2dd0 D __u_boot_cmd_saves
c10a2dec D __u_boot_cmd_loadb
c10a2e08 D __u_boot_cmd_loady
c10a2e24 D __u_boot_cmd_md
c10a2e40 D __u_boot_cmd_mm
c10a2e5c D __u_boot_cmd_nm
c10a2e78 D __u_boot_cmd_mw
c10a2e94 D __u_boot_cmd_cp
c10a2eb0 D __u_boot_cmd_cmp
c10a2ecc D __u_boot_cmd_crc32
c10a2ee8 D __u_boot_cmd_base
c10a2f04 D __u_boot_cmd_loop
c10a2f20 D __u_boot_cmd_mtest
c10a2f3c D __u_boot_cmd_mdc
c10a2f58 D __u_boot_cmd_mwc
c10a2f74 D __u_boot_cmd_sleep
c10a2f90 D __u_boot_cmd_mmcinfo
c10a2fac D __u_boot_cmd_mmc
c10a2fc8 D __u_boot_cmd_saveenv
c10a2fe4 D __u_boot_cmd_editenv
c10a3000 D __u_boot_cmd_printenv
c10a301c D __u_boot_cmd_setenv
c10a3038 D __u_boot_cmd_askenv
c10a3054 D __u_boot_cmd_run
c10a3070 D __u_boot_cmd_sf
c10a308c D __u_boot_cmd_source
c10a30a8 D __u_boot_cmd_sspi
c10a30c4 D __u_boot_cmd_test
c10a30e0 D __u_boot_cmd_false
c10a30fc D __u_boot_cmd_true
c10a3118 D __u_boot_cmd_usb
c10a3134 D __u_boot_cmd_usbboot
c10a3150 D __u_boot_cmd_version
c10a316c D __u_boot_cmd_imxtract
c10a3188 D __u_boot_cmd_showvar
c10a31a4 A __bss_start
c10a31a4 A __u_boot_cmd_end
c10a31a4 B monitor_flash_len
c10a31a8 b mmc_devices
c10a31b0 b images
c10a32dc b os_data_state
c10a32e0 b os_data_addr
c10a32e4 b bin_start_address
c10a32e8 b k_data_escape
c10a32ec B os_data_init
c10a32f0 b k_data_escape_saved
c10a32f4 b os_data_state_saved
c10a32f8 b os_data_addr_saved
c10a32fc B os_data_char
c10a3300 B his_quote
c10a3304 B his_pad_count
c10a3308 B his_pad_char
c10a3309 B his_eol
c10a330c B send_ptr
c10a3310 B send_parms
c10a3324 b a_b
c10a333c b base_address
c10a3340 B mm_last_addr
c10a3344 B mm_last_size
c10a3348 B dp_last_addr
c10a334c B dp_last_size
c10a3350 b flash
c10a3354 b device
c10a3358 b bitlen
c10a335c b dout
c10a337c b din
c10a339c b tmp_buf.2839
c10a359c b tmp_buf
c10a399c b ctrlc_disabled
c10a39a0 b ctrlc_was_pressed
c10a39a4 B mem_malloc_brk
c10a39a8 B mem_malloc_start
c10a39ac B mem_malloc_end
c10a39b0 b current_mallinfo
c10a39d8 b top_pad
c10a39dc b max_sbrked_mem
c10a39e0 b max_total_mem
c10a39e4 b n_mmaps_max
c10a39e8 b env_flash
c10a39ec B env_ptr
c10a39f0 b local.3027
c10a3a06 b map
c10a3b08 b top_vars
c10a3b0c b flag_repeat
c10a3b10 b do_repeat
c10a3b14 b the_command.3054
c10a3f14 b buf.3517
c10a3f3c B last_return_code
c10a3f40 b ifs
c10a3f44 B nesting_level
c10a3f48 b initted.3028
c10a3f4c b hist_max
c10a3f50 b hist_add_idx
c10a3f54 B hist_num
c10a3f58 B hist_lines
c10a5358 B hist_list
c10a53a8 B console_buffer
c10a57a8 b devs
c10a57e4 B stdio_devices
c10a57f0 b asynch_allowed
c10a57f4 b usb_dev
c10b30f4 b usb_hub_index
c10b30f8 b hub_dev
c10b31f8 b dev_index
c10b31fc B usb_started
c10b31fd b setup_packet
c10b3208 b running
c10b320c b usb_dev_desc
c10b3428 b usb_ccb
c10b34b8 b usb_stor_buf
c10b36b8 b usb_max_devs
c10b36bc b usb_stor
c10b37c0 b CBWTag
c10b37c4 b xyz
c10b3c00 B ___strtok
c10b3c04 b lastinc
c10b3c08 b timestamp
c10b3c0c b params
c10b3c10 b part_offset
c10b3c14 b cur_dev
c10b3c18 B get_vfatname_block
c10c3c18 B do_fat_read_block
c10d3c18 B get_dentfromdir_block
c10e3c18 b inode_size
c10e3c1c B ext2fs_root
c10e3c20 B ext2fs_file
c10e3c24 B indir1_block
c10e3c28 B indir1_size
c10e3c2c B indir2_block
c10e3c30 B indir2_size
c10e3c34 B symlinknest
c10e3c38 b part_info
c10e3c84 b ext2fs_block_dev_desc
c10e3c88 B musbr
c10e3c8c A _end
